app/(tabs)/index.tsx(656,66): error TS2322: Type '{ children: Element[]; variant: "elevated"; style: { marginBottom: 12; paddingVertical: 16; paddingHorizontal: 16; }; accessibilityLiveRegion: string; accessibilityLabel: string; }' is not assignable to type 'IntrinsicAttributes & GlassCardProps'.
  Property 'accessibilityLiveRegion' does not exist on type 'IntrinsicAttributes & GlassCardProps'.
app/settings/connect-email.tsx(380,35): error TS2820: Type '"email-send"' is not assignable to type '"symbol" | "function" | "email" | "receipt" | "import" | "atm" | "transfer" | "car" | "google" | "microsoft" | "message" | "assistant" | "card" | "cash" | "gift" | "api" | "trending-up" | ... 7431 more ... | undefined'. Did you mean '"email-edit"'?
src/__tests__/integration/transactionFlow.test.ts(119,9): error TS2353: Object literal may only specify known properties, and 'type' does not exist in type 'Omit<TransactionInsert, "user_id">'.
src/__tests__/integration/transactionFlow.test.ts(288,27): error TS2345: Argument of type '{ amount: number; merchant_name: string; transaction_date: string; source: "manual"; }' is not assignable to parameter of type 'Omit<TransactionInsert, "user_id">'.
  Type '{ amount: number; merchant_name: string; transaction_date: string; source: "manual"; }' is missing the following properties from type 'Omit<TransactionInsert, "user_id">': currency, merchant_name_clean, category_id, transaction_time, and 10 more.
src/__tests__/integration/transactionFlow.test.ts(314,47): error TS2345: Argument of type '{ amount: number; merchant_name: string; transaction_date: string; source: "manual"; }' is not assignable to parameter of type 'Omit<TransactionInsert, "user_id">'.
  Type '{ amount: number; merchant_name: string; transaction_date: string; source: "manual"; }' is missing the following properties from type 'Omit<TransactionInsert, "user_id">': currency, merchant_name_clean, category_id, transaction_time, and 10 more.
src/components/__tests__/FeatureGate.test.tsx(136,7): error TS2322: Type '"premium"' is not assignable to type '"free"'.
src/components/__tests__/FeatureGate.test.tsx(156,7): error TS2322: Type '"premium"' is not assignable to type '"free"'.
src/components/__tests__/FeatureGate.test.tsx(179,7): error TS2322: Type '"premium"' is not assignable to type '"free"'.
src/components/__tests__/FeatureGate.test.tsx(205,7): error TS2322: Type '"premium"' is not assignable to type '"free"'.
src/components/__tests__/FeatureGate.test.tsx(224,7): error TS2322: Type '"premium"' is not assignable to type '"free"'.
src/components/email/EmailInstructions.tsx(24,18): error TS2339: Property 'appPasswordUrl' does not exist on type 'EmailProvider'.
src/components/email/EmailInstructions.tsx(25,32): error TS2339: Property 'appPasswordUrl' does not exist on type 'EmailProvider'.
src/components/email/EmailInstructions.tsx(69,19): error TS2339: Property 'appPasswordUrl' does not exist on type 'EmailProvider'.
src/components/ui/ConfirmationModal.tsx(181,65): error TS2322: Type '{ children: string; variant: "bright"; style: { fontSize: 20; fontFamily: "Cinzel_700Bold"; textAlign: "center"; marginBottom: 8; }; accessibilityRole: string; }' is not assignable to type 'IntrinsicAttributes & GradientTextProps'.
  Property 'accessibilityRole' does not exist on type 'IntrinsicAttributes & GradientTextProps'.
src/context/AnimationContext.tsx(118,11): error TS2322: Type '100' is not assignable to type '15'.
src/context/AnimationContext.tsx(119,11): error TS2322: Type '1000' is not assignable to type '100'.
src/context/AnimationContext.tsx(120,11): error TS2322: Type '0.1' is not assignable to type '0.5'.
src/context/AnimationContext.tsx(128,9): error TS2322: Type 'number' is not assignable to type '100'.
src/context/AnimationContext.tsx(129,9): error TS2322: Type 'number' is not assignable to type '0.5'.
src/hooks/useSubscription.ts(178,3): error TS2741: Property 'isPlus' is missing in type '{ isPremium: boolean; isFree: boolean; tier: SubscriptionTier; isLoading: boolean; isPurchasing: boolean; isRestoring: boolean; expirationDate: Date | null; willRenew: boolean; ... 6 more ...; isLimitExceeded: (limitType: keyof (typeof TIER_CONFIGS)["free"]["limits"], currentValue: number) => boolean; }' but required in type 'UseSubscriptionReturn'.
src/hooks/useSubscription.ts(225,17): error TS2323: Cannot redeclare exported variable 'useIsPremium'.
src/hooks/useSubscription.ts(225,17): error TS2393: Duplicate function implementation.
src/hooks/useSubscription.ts(232,17): error TS2323: Cannot redeclare exported variable 'useIsPremium'.
src/hooks/useSubscription.ts(232,17): error TS2393: Duplicate function implementation.
src/services/__tests__/alerts.test.ts(323,40): error TS2345: Argument of type '{ alert_type: "unusual_spending"; severity: "warning"; title: string; message: string; }' is not assignable to parameter of type 'Omit<AlertInsert, "user_id">'.
  Type '{ alert_type: "unusual_spending"; severity: "warning"; title: string; message: string; }' is missing the following properties from type 'Omit<AlertInsert, "user_id">': action_url, action_label, related_entity_type, related_entity_id, and 6 more.
src/services/__tests__/alerts.test.ts(336,21): error TS2345: Argument of type '{ alert_type: "unusual_spending"; severity: "warning"; title: string; message: string; }' is not assignable to parameter of type 'Omit<AlertInsert, "user_id">'.
  Type '{ alert_type: "unusual_spending"; severity: "warning"; title: string; message: string; }' is missing the following properties from type 'Omit<AlertInsert, "user_id">': action_url, action_label, related_entity_type, related_entity_id, and 6 more.
src/services/__tests__/auth.test.ts(65,3): error TS2614: Module '"../auth"' has no exported member 'signInWithGoogle'. Did you mean to use 'import signInWithGoogle from "../auth"' instead?
src/services/__tests__/auth.test.ts(66,3): error TS2724: '"../auth"' has no exported member named 'signInWithApple'. Did you mean 'signInWithEmail'?
src/services/__tests__/auth.test.ts(67,3): error TS2614: Module '"../auth"' has no exported member 'signInWithMicrosoft'. Did you mean to use 'import signInWithMicrosoft from "../auth"' instead?
src/services/__tests__/auth.test.ts(292,28): error TS2722: Cannot invoke an object which is possibly 'undefined'.
src/services/__tests__/auth.test.ts(292,28): error TS18048: 'devSignIn' is possibly 'undefined'.
src/services/__tests__/auth.test.ts(302,28): error TS2722: Cannot invoke an object which is possibly 'undefined'.
src/services/__tests__/auth.test.ts(302,28): error TS18048: 'devSignIn' is possibly 'undefined'.
src/services/__tests__/behavior.test.ts(54,7): error TS2740: Type '{ id: string; name: string; icon: string; color: string; }' is missing the following properties from type 'Category': user_id, name_ar, keywords, is_default, and 3 more.
src/services/__tests__/behavior.test.ts(77,7): error TS2740: Type '{ id: string; name: string; icon: string; color: string; }' is missing the following properties from type 'Category': user_id, name_ar, keywords, is_default, and 3 more.
src/services/__tests__/behavior.test.ts(211,48): error TS2345: Argument of type '{ category_id: string; category: { id: string; name: string; icon: string; color: string; }; id: string; user_id: string; amount: number; currency: string; merchant_name: string; merchant_name_clean: string | null; ... 14 more ...; updated_at: string; }[]' is not assignable to parameter of type 'TransactionWithCategory[]'.
  Type '{ category_id: string; category: { id: string; name: string; icon: string; color: string; }; id: string; user_id: string; amount: number; currency: string; merchant_name: string; merchant_name_clean: string | null; ... 14 more ...; updated_at: string; }' is not assignable to type 'TransactionWithCategory'.
    Types of property 'category' are incompatible.
      Type '{ id: string; name: string; icon: string; color: string; }' is missing the following properties from type 'Category': user_id, name_ar, keywords, is_default, and 3 more.
src/services/__tests__/behavior.test.ts(229,11): error TS2740: Type '{ id: string; name: string; icon: string; color: string; }' is missing the following properties from type 'Category': user_id, name_ar, keywords, is_default, and 3 more.
src/services/__tests__/behavior.test.ts(243,61): error TS2345: Argument of type 'never[]' is not assignable to parameter of type 'number'.
src/services/__tests__/behavior.test.ts(250,61): error TS2345: Argument of type 'never[]' is not assignable to parameter of type 'number'.
src/services/__tests__/behavior.test.ts(273,61): error TS2345: Argument of type 'never[]' is not assignable to parameter of type 'number'.
src/services/__tests__/behavior.test.ts(297,61): error TS2345: Argument of type 'BudgetWithCategory[]' is not assignable to parameter of type 'number'.
src/services/__tests__/behavior.test.ts(309,65): error TS2345: Argument of type 'never[]' is not assignable to parameter of type 'number'.
src/services/__tests__/behavior.test.ts(343,84): error TS2345: Argument of type 'never[]' is not assignable to parameter of type 'number'.
src/services/__tests__/behavioralMoment.test.ts(47,10): error TS2352: Conversion of type '{ id: string; amount: number; category_id: string; transaction_date: string; type: string; description: string; user_id: string; created_at: string; updated_at: string; }' to type 'TransactionWithCategory' may be a mistake because neither type sufficiently overlaps with the other. If this was intentional, convert the expression to 'unknown' first.
  Type '{ id: string; amount: number; category_id: string; transaction_date: string; type: string; description: string; user_id: string; created_at: string; updated_at: string; }' is missing the following properties from type 'TransactionWithCategory': category, currency, merchant_name, merchant_name_clean, and 12 more.
src/services/__tests__/behavioralMoment.test.ts(61,3): error TS2322: Type '{ id: string; user_id: string; user_state: UserBehavioralState; active_behavior: BehaviorType | null; active_behavior_intensity?: number | undefined; ... 29 more ...; updated_at: string; }' is not assignable to type 'UserBehavioralProfile'.
  Types of property 'active_behavior_intensity' are incompatible.
    Type 'number | undefined' is not assignable to type 'number'.
      Type 'undefined' is not assignable to type 'number'.
src/services/__tests__/behavioralMoment.test.ts(176,60): error TS2352: Conversion of type '{ id: string; amount: number; category_id: string; transaction_date: string; type: string; description: string; user_id: string; created_at: string; updated_at: string; }' to type 'TransactionWithCategory' may be a mistake because neither type sufficiently overlaps with the other. If this was intentional, convert the expression to 'unknown' first.
  Type '{ id: string; amount: number; category_id: string; transaction_date: string; type: string; description: string; user_id: string; created_at: string; updated_at: string; }' is missing the following properties from type 'TransactionWithCategory': category, currency, merchant_name, merchant_name_clean, and 12 more.
src/services/__tests__/behavioralMoment.test.ts(221,54): error TS2352: Conversion of type '{ id: string; amount: number; category_id: string; transaction_date: string; type: string; description: string; user_id: string; created_at: string; updated_at: string; }' to type 'TransactionWithCategory' may be a mistake because neither type sufficiently overlaps with the other. If this was intentional, convert the expression to 'unknown' first.
  Type '{ id: string; amount: number; category_id: string; transaction_date: string; type: string; description: string; user_id: string; created_at: string; updated_at: string; }' is missing the following properties from type 'TransactionWithCategory': category, currency, merchant_name, merchant_name_clean, and 12 more.
src/services/__tests__/behavioralMoment.test.ts(248,54): error TS2352: Conversion of type '{ id: string; amount: number; category_id: string; transaction_date: string; type: string; description: string; user_id: string; created_at: string; updated_at: string; }' to type 'TransactionWithCategory' may be a mistake because neither type sufficiently overlaps with the other. If this was intentional, convert the expression to 'unknown' first.
  Type '{ id: string; amount: number; category_id: string; transaction_date: string; type: string; description: string; user_id: string; created_at: string; updated_at: string; }' is missing the following properties from type 'TransactionWithCategory': category, currency, merchant_name, merchant_name_clean, and 12 more.
src/services/__tests__/behavioralMoment.test.ts(275,54): error TS2352: Conversion of type '{ id: string; amount: number; category_id: string; transaction_date: string; type: string; description: string; user_id: string; created_at: string; updated_at: string; }' to type 'TransactionWithCategory' may be a mistake because neither type sufficiently overlaps with the other. If this was intentional, convert the expression to 'unknown' first.
  Type '{ id: string; amount: number; category_id: string; transaction_date: string; type: string; description: string; user_id: string; created_at: string; updated_at: string; }' is missing the following properties from type 'TransactionWithCategory': category, currency, merchant_name, merchant_name_clean, and 12 more.
src/services/__tests__/billCalendar.test.ts(158,39): error TS2345: Argument of type '{ name: string; amount: number; frequency: "monthly"; due_day: number; is_essential: boolean; start_date: string; category_id: string; }' is not assignable to parameter of type 'Omit<BillInsert, "user_id">'.
  Type '{ name: string; amount: number; frequency: "monthly"; due_day: number; is_essential: boolean; start_date: string; category_id: string; }' is missing the following properties from type 'Omit<BillInsert, "user_id">': is_active, currency, notes, end_date, and 4 more.
src/services/__tests__/billCalendar.test.ts(487,24): error TS2339: Property 'bill' does not exist on type 'BillReminder'.
src/services/__tests__/decisionEngine.test.ts(35,5): error TS2322: Type 'null' is not assignable to type 'number'.
src/services/__tests__/decisionEngine.test.ts(36,5): error TS2322: Type 'null' is not assignable to type 'number'.
src/services/__tests__/detection.test.ts(52,10): error TS2352: Conversion of type '{ id: string; amount: number; category_id: string; transaction_date: string; type: string; description: string; user_id: string; created_at: string; updated_at: string; }' to type 'TransactionWithCategory' may be a mistake because neither type sufficiently overlaps with the other. If this was intentional, convert the expression to 'unknown' first.
  Type '{ id: string; amount: number; category_id: string; transaction_date: string; type: string; description: string; user_id: string; created_at: string; updated_at: string; }' is missing the following properties from type 'TransactionWithCategory': category, currency, merchant_name, merchant_name_clean, and 12 more.
src/services/__tests__/detection.test.ts(214,27): error TS2352: Conversion of type '{ id: string; amount: number; category_id: string; transaction_date: string; type: string; description: string; user_id: string; created_at: string; updated_at: string; }' to type 'TransactionWithCategory' may be a mistake because neither type sufficiently overlaps with the other. If this was intentional, convert the expression to 'unknown' first.
  Type '{ id: string; amount: number; category_id: string; transaction_date: string; type: string; description: string; user_id: string; created_at: string; updated_at: string; }' is missing the following properties from type 'TransactionWithCategory': category, currency, merchant_name, merchant_name_clean, and 12 more.
src/services/__tests__/detection.test.ts(227,27): error TS2352: Conversion of type '{ id: string; amount: number; category_id: string; transaction_date: string; type: string; description: string; user_id: string; created_at: string; updated_at: string; }' to type 'TransactionWithCategory' may be a mistake because neither type sufficiently overlaps with the other. If this was intentional, convert the expression to 'unknown' first.
  Type '{ id: string; amount: number; category_id: string; transaction_date: string; type: string; description: string; user_id: string; created_at: string; updated_at: string; }' is missing the following properties from type 'TransactionWithCategory': category, currency, merchant_name, merchant_name_clean, and 12 more.
src/services/__tests__/devStorage.test.ts(201,24): error TS2339: Property 'type' does not exist on type 'TransactionWithCategory'.
src/services/__tests__/devStorage.test.ts(275,47): error TS2345: Argument of type '{ id: string; amount: number; category_id: string; transaction_date: string; type: "expense"; description: string; user_id: string; created_at: string; updated_at: string; }' is not assignable to parameter of type 'Transaction'.
  Type '{ id: string; amount: number; category_id: string; transaction_date: string; type: "expense"; description: string; user_id: string; created_at: string; updated_at: string; }' is missing the following properties from type 'Transaction': currency, merchant_name, merchant_name_clean, transaction_time, and 11 more.
src/services/__tests__/devStorage.test.ts(302,32): error TS2345: Argument of type '{ id: string; amount: number; category_id: string; transaction_date: string; type: "expense"; user_id: string; created_at: string; updated_at: string; }' is not assignable to parameter of type 'Transaction'.
  Type '{ id: string; amount: number; category_id: string; transaction_date: string; type: "expense"; user_id: string; created_at: string; updated_at: string; }' is missing the following properties from type 'Transaction': currency, merchant_name, merchant_name_clean, transaction_time, and 11 more.
src/services/__tests__/devStorage.test.ts(325,56): error TS2353: Object literal may only specify known properties, and 'description' does not exist in type 'Partial<Transaction>'.
src/services/__tests__/devStorage.test.ts(327,21): error TS2339: Property 'description' does not exist on type 'Transaction'.
src/services/__tests__/devStorage.test.ts(335,48): error TS2353: Object literal may only specify known properties, and 'description' does not exist in type 'Partial<Transaction>'.
src/services/__tests__/household.test.ts(126,44): error TS2345: Argument of type '{ name: string; currency: string; }' is not assignable to parameter of type 'Omit<HouseholdInsert, "created_by">'.
  Type '{ name: string; currency: string; }' is missing the following properties from type 'Omit<HouseholdInsert, "created_by">': is_active, settings
src/services/__tests__/household.test.ts(313,47): error TS2345: Argument of type '{ household_id: string; name: string; amount: number; period: "monthly"; start_date: string; }' is not assignable to parameter of type 'Omit<SharedBudgetInsert, "household_id"> & { household_id: string; }'.
  Type '{ household_id: string; name: string; amount: number; period: "monthly"; start_date: string; }' is missing the following properties from type 'Omit<SharedBudgetInsert, "household_id">': is_active, category_id, end_date
src/services/__tests__/household.test.ts(374,45): error TS2345: Argument of type '{ household_id: string; name: string; target_amount: number; current_amount: number; target_date: string; color: string; icon: string; }' is not assignable to parameter of type 'Omit<SharedGoalInsert, "household_id"> & { household_id: string; }'.
  Type '{ household_id: string; name: string; target_amount: number; current_amount: number; target_date: string; color: string; icon: string; }' is missing the following properties from type 'Omit<SharedGoalInsert, "household_id">': is_active, is_completed
src/services/__tests__/netWorth.test.ts(139,40): error TS2345: Argument of type '{ name: string; asset_type: "investment"; current_value: number; is_liquid: boolean; include_in_net_worth: boolean; }' is not assignable to parameter of type 'Omit<AssetInsert, "user_id">'.
  Type '{ name: string; asset_type: "investment"; current_value: number; is_liquid: boolean; include_in_net_worth: boolean; }' is missing the following properties from type 'Omit<AssetInsert, "user_id">': is_active, currency, notes, account_number_last_four, and 3 more.
src/services/__tests__/netWorth.test.ts(238,44): error TS2345: Argument of type '{ name: string; liability_type: "credit_card"; current_balance: number; interest_rate: number; include_in_net_worth: boolean; }' is not assignable to parameter of type 'Omit<LiabilityInsert, "user_id">'.
  Type '{ name: string; liability_type: "credit_card"; current_balance: number; interest_rate: number; include_in_net_worth: boolean; }' is missing the following properties from type 'Omit<LiabilityInsert, "user_id">': is_active, currency, notes, original_balance, and 5 more.
src/services/__tests__/subscriptions.test.ts(158,47): error TS2345: Argument of type '{ merchant_name: string; amount: number; currency: string; frequency: "monthly"; status: "active"; }' is not assignable to parameter of type 'Omit<SubscriptionInsert, "user_id">'.
  Type '{ merchant_name: string; amount: number; currency: string; frequency: "monthly"; status: "active"; }' is missing the following properties from type 'Omit<SubscriptionInsert, "user_id">': display_name, icon, category_id, notes, and 10 more.
src/services/__tests__/subscriptions.test.ts(170,28): error TS2345: Argument of type '{ merchant_name: string; amount: number; currency: string; frequency: "monthly"; status: "active"; }' is not assignable to parameter of type 'Omit<SubscriptionInsert, "user_id">'.
  Type '{ merchant_name: string; amount: number; currency: string; frequency: "monthly"; status: "active"; }' is missing the following properties from type 'Omit<SubscriptionInsert, "user_id">': display_name, icon, category_id, notes, and 10 more.
src/services/__tests__/transactions.test.ts(260,46): error TS2345: Argument of type '{ amount: number; currency: string; merchant_name: string; transaction_date: string; transaction_type: "purchase"; source: "manual"; }' is not assignable to parameter of type 'Omit<TransactionInsert, "user_id">'.
  Type '{ amount: number; currency: string; merchant_name: string; transaction_date: string; transaction_type: "purchase"; source: "manual"; }' is missing the following properties from type 'Omit<TransactionInsert, "user_id">': merchant_name_clean, category_id, transaction_time, card_last_four, and 8 more.
src/services/__tests__/transactions.test.ts(282,27): error TS2345: Argument of type '{ amount: number; currency: string; merchant_name: string; transaction_date: string; transaction_type: "purchase"; source: "manual"; }' is not assignable to parameter of type 'Omit<TransactionInsert, "user_id">'.
  Type '{ amount: number; currency: string; merchant_name: string; transaction_date: string; transaction_type: "purchase"; source: "manual"; }' is missing the following properties from type 'Omit<TransactionInsert, "user_id">': merchant_name_clean, category_id, transaction_time, card_last_four, and 8 more.
src/services/__tests__/winDetection.test.ts(47,10): error TS2352: Conversion of type '{ id: string; amount: number; category_id: string; transaction_date: string; type: string; description: string; user_id: string; created_at: string; updated_at: string; }' to type 'TransactionWithCategory' may be a mistake because neither type sufficiently overlaps with the other. If this was intentional, convert the expression to 'unknown' first.
  Type '{ id: string; amount: number; category_id: string; transaction_date: string; type: string; description: string; user_id: string; created_at: string; updated_at: string; }' is missing the following properties from type 'TransactionWithCategory': category, currency, merchant_name, merchant_name_clean, and 12 more.
src/services/__tests__/winDetection.test.ts(73,5): error TS2322: Type 'null' is not assignable to type 'number'.
src/services/__tests__/winDetection.test.ts(74,5): error TS2322: Type 'null' is not assignable to type 'number'.
src/services/ai.ts(1257,44): error TS2339: Property 'frequency' does not exist on type '{ display_name: any; merchant_name: any; amount: any; billing_cycle: any; next_billing_date: any; status: any; last_used_at: any; }'.
src/services/budgetRollover.ts(365,36): error TS2345: Argument of type '(b: RolloverBudget) => { budgetId: string; categoryName: string | null; rolloverAmount: number; maxRollover: number | null; }' is not assignable to parameter of type '(value: { id: any; rollover_enabled: any; rollover_amount: any; max_rollover: any; category: { name: any; }[]; }, index: number, array: { id: any; rollover_enabled: any; rollover_amount: any; max_rollover: any; category: { ...; }[]; }[]) => { ...; }'.
  Types of parameters 'b' and 'value' are incompatible.
    Type '{ id: any; rollover_enabled: any; rollover_amount: any; max_rollover: any; category: { name: any; }[]; }' is not assignable to type 'RolloverBudget'.
      Types of property 'category' are incompatible.
        Property 'name' is missing in type '{ name: any; }[]' but required in type '{ name: string; }'.
src/services/transactions.ts(432,25): error TS2345: Argument of type '(t: TransactionWithCategory) => void' is not assignable to parameter of type '(value: { amount: any; source: any; category: { id: any; name: any; icon: any; color: any; }[]; }, index: number, array: { amount: any; source: any; category: { id: any; name: any; icon: any; color: any; }[]; }[]) => void'.
  Types of parameters 't' and 'value' are incompatible.
    Type '{ amount: any; source: any; category: { id: any; name: any; icon: any; color: any; }[]; }' is missing the following properties from type 'TransactionWithCategory': id, user_id, currency, merchant_name, and 16 more.
src/services/transactions.ts(454,25): error TS2345: Argument of type '(t: TransactionWithCategory) => void' is not assignable to parameter of type '(value: { amount: any; source: any; category: { id: any; name: any; icon: any; color: any; }[]; }, index: number, array: { amount: any; source: any; category: { id: any; name: any; icon: any; color: any; }[]; }[]) => void'.
  Types of parameters 't' and 'value' are incompatible.
    Type '{ amount: any; source: any; category: { id: any; name: any; icon: any; color: any; }[]; }' is missing the following properties from type 'TransactionWithCategory': id, user_id, currency, merchant_name, and 16 more.
src/stores/__tests__/subscriptionStore.test.ts(164,39): error TS2322: Type 'Subscription[]' is not assignable to type 'SubscriptionWithCategory[]'.
  Property 'category' is missing in type 'Subscription' but required in type 'SubscriptionWithCategory'.
src/stores/__tests__/subscriptionStore.test.ts(182,39): error TS2322: Type 'Subscription[]' is not assignable to type 'SubscriptionWithCategory[]'.
  Property 'category' is missing in type 'Subscription' but required in type 'SubscriptionWithCategory'.
src/stores/__tests__/subscriptionStore.test.ts(214,9): error TS2322: Type '{ usage_count: number; id: string; user_id: string; merchant_name: string; display_name: string | null; icon: string | null; category_id: string | null; amount: number; currency: string; ... 13 more ...; updated_at: string; }[]' is not assignable to type 'SubscriptionWithCategory[]'.
  Property 'category' is missing in type '{ usage_count: number; id: string; user_id: string; merchant_name: string; display_name: string | null; icon: string | null; category_id: string | null; amount: number; currency: string; ... 13 more ...; updated_at: string; }' but required in type 'SubscriptionWithCategory'.
src/stores/__tests__/transactionStore.test.ts(93,66): error TS2561: Object literal may only specify known properties, but 'category_id' does not exist in type 'TransactionListParams'. Did you mean to write 'categoryId'?
src/stores/__tests__/transactionStore.test.ts(272,53): error TS2561: Object literal may only specify known properties, but 'category_id' does not exist in type 'TransactionListParams'. Did you mean to write 'categoryId'?
src/stores/__tests__/transactionStore.test.ts(276,28): error TS2551: Property 'category_id' does not exist on type 'TransactionListParams'. Did you mean 'categoryId'?
src/stores/__tests__/transactionStore.test.ts(284,20): error TS2561: Object literal may only specify known properties, but 'category_id' does not exist in type 'TransactionListParams'. Did you mean to write 'categoryId'?
src/stores/__tests__/transactionStore.test.ts(295,28): error TS2551: Property 'category_id' does not exist on type 'TransactionListParams'. Did you mean 'categoryId'?
src/stores/authStore.ts(484,7): error TS2353: Object literal may only specify known properties, and 'upcomingBills' does not exist in type 'SubscriptionState | Partial<SubscriptionState> | ((state: SubscriptionState) => SubscriptionState | Partial<...>)'.
src/stores/authStore.ts(513,7): error TS2353: Object literal may only specify known properties, and 'error' does not exist in type 'DashboardState | Partial<DashboardState> | ((state: DashboardState) => DashboardState | Partial<DashboardState>)'.
src/stores/authStore.ts(537,7): error TS2739: Type 'never[]' is missing the following properties from type 'LeaderboardData': period, type, current_user_rank, current_user_score, total_participants
src/stores/authStore.ts(538,7): error TS2322: Type 'number' is not assignable to type 'StreakInfo'.
src/stores/authStore.ts(539,7): error TS2322: Type 'number' is not assignable to type 'PointsSummary'.
src/stores/authStore.ts(549,7): error TS2353: Object literal may only specify known properties, and 'celebratingWin' does not exist in type 'BehaviorState | Partial<BehaviorState> | ((state: BehaviorState) => BehaviorState | Partial<BehaviorState>)'.
src/stores/authStore.ts(615,7): error TS2353: Object literal may only specify known properties, and 'isProcessing' does not exist in type 'ReceiptState | Partial<ReceiptState> | ((state: ReceiptState) => ReceiptState | Partial<ReceiptState>)'.
src/stores/householdStore.ts(169,13): error TS2322: Type '{ id: string; household_id: string; user_id: string; role: "owner" | "admin" | "member" | "viewer"; can_view_transactions: boolean; can_add_transactions: boolean; can_edit_budgets: boolean; can_manage_members: boolean; joined_at: string; user: { ...; } | null; }[]' is not assignable to type 'HouseholdMemberWithUser[]'.
  Property 'nickname' is missing in type '{ id: string; household_id: string; user_id: string; role: "owner" | "admin" | "member" | "viewer"; can_view_transactions: boolean; can_add_transactions: boolean; can_edit_budgets: boolean; can_manage_members: boolean; joined_at: string; user: { ...; } | null; }' but required in type 'HouseholdMemberWithUser'.
src/stores/householdStore.ts(186,13): error TS2322: Type '{ id: string; household_id: string; user_id: string; role: "owner" | "admin" | "member" | "viewer"; can_view_transactions: boolean; can_add_transactions: boolean; can_edit_budgets: boolean; can_manage_members: boolean; joined_at: string; } | null' is not assignable to type 'HouseholdMember | null'.
  Property 'nickname' is missing in type '{ id: string; household_id: string; user_id: string; role: "owner" | "admin" | "member" | "viewer"; can_view_transactions: boolean; can_add_transactions: boolean; can_edit_budgets: boolean; can_manage_members: boolean; joined_at: string; }' but required in type 'HouseholdMember'.
src/stores/householdStore.ts(337,13): error TS2322: Type '{ id: string; household_id: string; user_id: string; role: "owner" | "admin" | "member" | "viewer"; can_view_transactions: boolean; can_add_transactions: boolean; can_edit_budgets: boolean; can_manage_members: boolean; joined_at: string; user: { ...; } | null; }[]' is not assignable to type 'HouseholdMemberWithUser[]'.
  Property 'nickname' is missing in type '{ id: string; household_id: string; user_id: string; role: "owner" | "admin" | "member" | "viewer"; can_view_transactions: boolean; can_add_transactions: boolean; can_edit_budgets: boolean; can_manage_members: boolean; joined_at: string; user: { ...; } | null; }' but required in type 'HouseholdMemberWithUser'.
src/stores/householdStore.ts(354,13): error TS2322: Type '{ id: string; household_id: string; user_id: string; role: "owner" | "admin" | "member" | "viewer"; can_view_transactions: boolean; can_add_transactions: boolean; can_edit_budgets: boolean; can_manage_members: boolean; joined_at: string; } | null' is not assignable to type 'HouseholdMember | null'.
  Property 'nickname' is missing in type '{ id: string; household_id: string; user_id: string; role: "owner" | "admin" | "member" | "viewer"; can_view_transactions: boolean; can_add_transactions: boolean; can_edit_budgets: boolean; can_manage_members: boolean; joined_at: string; }' but required in type 'HouseholdMember'.
src/stores/tierStore.ts(192,14): error TS2339: Property 'catch' does not exist on type 'PromiseLike<void>'.
src/stores/tierStore.ts(192,21): error TS7006: Parameter 'err' implicitly has an 'any' type.
src/stores/transactionStore.ts(169,26): error TS2339: Property 'type' does not exist on type 'TransactionWithCategory'.
src/stores/transactionStore.ts(169,50): error TS2339: Property 'type' does not exist on type 'TransactionWithCategory'.
src/stores/transactionStore.ts(325,11): error TS2353: Object literal may only specify known properties, and 'type' does not exist in type 'Transaction'.
src/stores/transactionStore.ts(325,22): error TS2339: Property 'type' does not exist on type 'Partial<Transaction>'.
src/translations/ar.ts(969,5): error TS1117: An object literal cannot have multiple properties with the same name.
src/translations/en.ts(988,5): error TS1117: An object literal cannot have multiple properties with the same name.
